Flow report for mux81a2223
Wed Sep  9 16:30:15 2026
Quartus Prime Version 25.1std.0 Build 1129 10/21/2025 SC Lite Edition


---------------------
; Table of Contents ;
---------------------
  1. Legal Notice
  2. Flow Summary
  3. Flow Settings
  4. Flow Non-Default Global Settings
  5. Flow Elapsed Time
  6. Flow OS Summary
  7. Flow Log
  8. Flow Messages
  9. Flow Suppressed Messages



----------------
; Legal Notice ;
----------------
Copyright (C) 2025  Altera Corporation. All rights reserved.
Your use of Altera Corporation's design tools, logic functions 
and other software and tools, and any partner logic 
functions, and any output files from any of the foregoing 
(including device programming or simulation files), and any 
associated documentation or information are expressly subject 
to the terms and conditions of the Altera Program License 
Subscription Agreement, the Altera Quartus Prime License Agreement,
the Altera IP License Agreement, or other applicable license
agreement, including, without limitation, that your use is for
the sole purpose of programming logic devices manufactured by
Altera and sold by Altera or its authorized distributors.  Please
refer to the Altera Software License Subscription Agreements 
on the Quartus Prime software download page.



+--------------------------------------------------------------------------------------+
; Flow Summary                                                                         ;
+------------------------------------+-------------------------------------------------+
; Flow Status                        ; Successful - Wed Sep  9 16:30:15 2026           ;
; Quartus Prime Version              ; 25.1std.0 Build 1129 10/21/2025 SC Lite Edition ;
; Revision Name                      ; mux81a2223                                      ;
; Top-level Entity Name              ; mux81a2223                                      ;
; Family                             ; Cyclone IV E                                    ;
; Device                             ; EP4CE55F23C8                                    ;
; Timing Models                      ; Final                                           ;
; Total logic elements               ; 40 / 55,856 ( < 1 % )                           ;
;     Total combinational functions  ; 40 / 55,856 ( < 1 % )                           ;
;     Dedicated logic registers      ; 0 / 55,856 ( 0 % )                              ;
; Total registers                    ; 0                                               ;
; Total pins                         ; 75 / 325 ( 23 % )                               ;
; Total virtual pins                 ; 0                                               ;
; Total memory bits                  ; 0 / 2,396,160 ( 0 % )                           ;
; Embedded Multiplier 9-bit elements ; 0 / 308 ( 0 % )                                 ;
; Total PLLs                         ; 0 / 4 ( 0 % )                                   ;
+------------------------------------+-------------------------------------------------+


+-----------------------------------------+
; Flow Settings                           ;
+-------------------+---------------------+
; Option            ; Setting             ;
+-------------------+---------------------+
; Start date & time ; 09/09/2026 15:57:43 ;
; Main task         ; Compilation         ;
; Revision Name     ; mux81a2223          ;
+-------------------+---------------------+


+------------------------------------------------------------------------------------------------------+
; Flow Non-Default Global Settings                                                                     ;
+--------------------------+--------------------------------+---------------+-------------+------------+
; Assignment Name          ; Value                          ; Default Value ; Entity Name ; Section Id ;
+--------------------------+--------------------------------+---------------+-------------+------------+
; COMPILER_SIGNATURE_ID    ; 10995770589191.178894066208352 ; --            ; --          ; --         ;
; PROJECT_OUTPUT_DIRECTORY ; output_files                   ; --            ; --          ; --         ;
+--------------------------+--------------------------------+---------------+-------------+------------+


+--------------------------------------------------------------------------------------------------------------------------+
; Flow Elapsed Time                                                                                                        ;
+----------------------+--------------+-------------------------+---------------------+------------------------------------+
; Module Name          ; Elapsed Time ; Average Processors Used ; Peak Virtual Memory ; Total CPU Time (on all processors) ;
+----------------------+--------------+-------------------------+---------------------+------------------------------------+
; Analysis & Synthesis ; 00:00:07     ; 1.0                     ; 4807 MB             ; 00:00:14                           ;
; Fitter               ; 00:00:06     ; 1.0                     ; 6672 MB             ; 00:00:12                           ;
; Assembler            ; 00:00:01     ; 1.0                     ; 4848 MB             ; 00:00:01                           ;
; Timing Analyzer      ; 00:00:02     ; 1.1                     ; 4942 MB             ; 00:00:02                           ;
; EDA Netlist Writer   ; 00:00:00     ; 1.0                     ; 4663 MB             ; 00:00:01                           ;
; EDA Netlist Writer   ; 00:00:00     ; 1.0                     ; 4679 MB             ; 00:00:01                           ;
; Total                ; 00:00:16     ; --                      ; --                  ; 00:00:31                           ;
+----------------------+--------------+-------------------------+---------------------+------------------------------------+


+------------------------------------------------------------------------------------+
; Flow OS Summary                                                                    ;
+----------------------+------------------+------------+------------+----------------+
; Module Name          ; Machine Hostname ; OS Name    ; OS Version ; Processor type ;
+----------------------+------------------+------------+------------+----------------+
; Analysis & Synthesis ; LAPTOP-GD72BTDF  ; Windows 10 ; 10.0       ; x86_64         ;
; Fitter               ; LAPTOP-GD72BTDF  ; Windows 10 ; 10.0       ; x86_64         ;
; Assembler            ; LAPTOP-GD72BTDF  ; Windows 10 ; 10.0       ; x86_64         ;
; Timing Analyzer      ; LAPTOP-GD72BTDF  ; Windows 10 ; 10.0       ; x86_64         ;
; EDA Netlist Writer   ; LAPTOP-GD72BTDF  ; Windows 10 ; 10.0       ; x86_64         ;
; EDA Netlist Writer   ; LAPTOP-GD72BTDF  ; Windows 10 ; 10.0       ; x86_64         ;
+----------------------+------------------+------------+------------+----------------+


------------
; Flow Log ;
------------
quartus_map --read_settings_files=on --write_settings_files=off mux81a2223 -c mux81a2223
quartus_fit --read_settings_files=off --write_settings_files=off mux81a2223 -c mux81a2223
quartus_asm --read_settings_files=off --write_settings_files=off mux81a2223 -c mux81a2223
quartus_sta mux81a2223 -c mux81a2223
quartus_eda --gen_testbench --tool=modelsim_oem --format=verilog --write_settings_files=off mux81a2223 -c mux81a2223 --vector_source=D:/FPGA_Lab/exp1/optional_81mux_verilog/mux81a2223.vwf --testbench_file=D:/FPGA_Lab/exp1/optional_81mux_verilog/simulation/qsim/mux81a2223.vwf.vt
quartus_eda --write_settings_files=off --simulation=on --functional=on --flatten_buses=off --tool=modelsim_oem --format=verilog --output_directory=D:/FPGA_Lab/exp1/optional_81mux_verilog/simulation/qsim/ mux81a2223 -c mux81a2223



